2026-06-13T08:45:52 INFO frametv.sources.nasa_apod: Refreshing NASA APOD cache for the last 30 days
2026-06-13T08:46:22 WARNING frametv.sources.nasa_apod: NASA APOD fetch failed: 
2026-06-13T08:46:22 INFO frametv.sources.nasa_apod: NASA APOD pool: 53 images
2026-06-13T08:46:22 INFO frametv.sources.met_museum: Met Museum pool: 33 images
2026-06-13T08:46:22 INFO frametv.sources.art_institute: Art Institute pool: 80 images
2026-06-13T08:46:23 INFO frametv.tv: Connected to TV at 10.0.0.28
2026-06-13T08:46:23 INFO frametv.run: Active rule: 'morning-impressionism' (source: impressionism, mode: random, interval: 45 min)
2026-06-13T08:46:24 INFO frametv.uploader: Uploading 62371 (Madame Cezanne in a Yellow Chair)
2026-06-13T08:46:31 INFO frametv.uploader: Now displaying: 62371 — Madame Cezanne in a Yellow Chair
2026-06-13T08:46:31 INFO frametv.run: Done.
2026-06-13T08:48:12 INFO frametv.sources.nasa_apod: Refreshing NASA APOD cache for the last 30 days
2026-06-13T08:48:42 WARNING frametv.sources.nasa_apod: NASA APOD fetch failed: 
2026-06-13T08:48:42 INFO frametv.sources.nasa_apod: NASA APOD pool: 53 images
2026-06-13T08:48:42 INFO frametv.sources.met_museum: Met Museum pool: 33 images
2026-06-13T08:48:42 INFO frametv.sources.art_institute: Art Institute pool: 80 images
2026-06-13T08:48:43 INFO frametv.tv: Connected to TV at 10.0.0.28
2026-06-13T08:48:43 INFO frametv.run: Active rule: 'default' (source: my_photos, mode: random, interval: 60 min)
2026-06-13T08:48:43 INFO frametv.uploader: Uploading /Users/dburt/projects/myProjects/wallpaper-app/Wallpaper/DSCF6741.JPG (DSCF6741)
2026-06-13T08:48:49 INFO frametv.uploader: Now displaying: /Users/dburt/projects/myProjects/wallpaper-app/Wallpaper/DSCF6741.JPG — DSCF6741
2026-06-13T08:48:49 INFO frametv.run: Done.
